com\dcc025\Agenda$1.class
com\dcc025\view\AgendaMedico$46.class
com\dcc025\view\AgendaSecretaria$55.class
com\dcc025\view\AgendaMedico$36.class
com\dcc025\view\AgendaMedico$23.class
com\dcc025\view\AgendaMedico$26.class
com\dcc025\view\AgendaSecretaria$32.class
com\dcc025\view\AgendaMedico$13.class
com\dcc025\view\AgendaMedico$33.class
com\dcc025\view\AgendaMedico$5.class
com\dcc025\view\AgendaMedico$8.class
com\dcc025\view\AgendaSecretaria$12.class
com\dcc025\view\TelaCadastroMedico$1.class
com\dcc025\view\AgendaSecretaria$22.class
com\dcc025\view\AgendaSecretaria$42.class
com\dcc025\view\AgendaSecretaria$52.class
com\dcc025\Agenda$4.class
com\dcc025\control\LoginMedico.class
com\dcc025\view\AgendaMedico$16.class
com\dcc025\view\AgendaMedico$29.class
com\dcc025\control\EditarPaciente.class
com\dcc025\view\AgendaMedico$49.class
com\dcc025\view\AgendaMedico$19.class
com\dcc025\view\AgendaMedico$39.class
com\dcc025\view\AgendaMedico$50.class
com\dcc025\view\AgendaSecretaria$18.class
com\dcc025\view\AgendaSecretaria$5.class
com\dcc025\view\AgendaSecretaria$8.class
com\dcc025\view\TelaCadastroPaciente$4.class
com\dcc025\view\TelaEditaPaciente$4.class
com\dcc025\view\AgendaSecretaria$15.class
com\dcc025\control\Arquivo.class
com\dcc025\view\Tela$2.class
com\dcc025\model\JSON$2.class
com\dcc025\view\AgendaSecretaria$2.class
com\dcc025\view\AgendaSecretaria$35.class
com\dcc025\view\AgendaSecretaria$38.class
com\dcc025\view\TelaCadastroPaciente$1.class
com\dcc025\view\AgendaMedico$10.class
com\dcc025\view\AgendaMedico$30.class
com\dcc025\view\AgendaMedico$2.class
com\dcc025\view\TelaCadastroMedico.class
com\dcc025\view\TelaEditaMedico$1.class
com\dcc025\view\AgendaMedico$31.class
com\dcc025\view\AgendaSecretaria$27.class
com\dcc025\view\AgendaMedico$3.class
com\dcc025\view\TelaCadastroSecretaria$1.class
com\dcc025\view\AgendaMedico$21.class
com\dcc025\view\AgendaSecretaria$17.class
com\dcc025\view\AgendaMedico$28.class
com\dcc025\view\AgendaMedico$38.class
com\dcc025\control\EditarSecretaria.class
com\dcc025\view\TelaCadastroPaciente.class
com\dcc025\control\EntrarSecretaria.class
com\dcc025\view\AgendaSecretaria$9.class
com\dcc025\model\Medico.class
com\dcc025\view\AgendaMedico$44.class
com\dcc025\model\Usuario.class
com\dcc025\view\AgendaMedico$14.class
com\dcc025\model\Endereco.class
com\dcc025\view\AgendaSecretaria$34.class
com\dcc025\view\AgendaSecretaria$44.class
com\dcc025\view\TelaEditaPaciente$1.class
com\dcc025\view\AgendaMedico.class
com\dcc025\view\AgendaSecretaria$3.class
com\dcc025\model\JSON$3.class
com\dcc025\view\TelaEditaPaciente$2.class
com\dcc025\view\AgendaSecretaria$21.class
com\dcc025\Agenda$2.class
com\dcc025\control\LoginMedico$1.class
com\dcc025\view\AgendaMedico$32.class
com\dcc025\view\AgendaSecretaria$16.class
com\dcc025\view\AgendaMedico$4.class
com\dcc025\view\TelaEditaSecretaria$1.class
com\dcc025\model\Controller.class
com\dcc025\view\AgendaMedico$27.class
com\dcc025\view\AgendaMedico$15.class
com\dcc025\view\AgendaMedico$43.class
com\dcc025\view\AgendaSecretaria$33.class
com\dcc025\view\Tela.class
com\dcc025\view\TelaCadastroSecretaria.class
com\dcc025\view\AgendaMedico$20.class
com\dcc025\view\AgendaSecretaria$28.class
com\dcc025\view\AgendaSecretaria$45.class
com\dcc025\view\TelaEditaMedico.class
com\dcc025\view\AgendaSecretaria$10.class
com\dcc025\view\AgendaSecretaria$50.class
com\dcc025\view\TelaEditaPaciente$3.class
com\dcc025\view\AgendaSecretaria$4.class
com\dcc025\view\TelaEditaSecretaria.class
com\dcc025\model\JSON.class
com\dcc025\view\Tela$1.class
com\dcc025\view\AgendaSecretaria$49.class
com\dcc025\model\JSON$1.class
com\dcc025\view\AgendaSecretaria$1.class
com\dcc025\view\AgendaMedico$1.class
com\dcc025\view\TelaCadastroPaciente$2.class
com\dcc025\view\AgendaSecretaria$19.class
com\dcc025\view\TelaEditaPaciente.class
com\dcc025\view\AgendaSecretaria$29.class
com\dcc025\view\AgendaSecretaria$39.class
com\dcc025\view\TelaCadastroPaciente$5.class
com\dcc025\view\AgendaSecretaria$46.class
com\dcc025\view\AgendaMedico$9.class
com\dcc025\control\LoginSecretaria.class
com\dcc025\view\AgendaMedico$22.class
com\dcc025\view\AgendaSecretaria$11.class
com\dcc025\view\AgendaSecretaria$31.class
com\dcc025\view\AgendaSecretaria$51.class
com\dcc025\view\FichaMedico.class
com\dcc025\view\AgendaMedico$42.class
com\dcc025\view\AgendaSecretaria$26.class
com\dcc025\view\AgendaMedico$17.class
com\dcc025\view\AgendaMedico$37.class
com\dcc025\view\AgendaSecretaria$43.class
com\dcc025\model\Paciente.class
com\dcc025\view\FichaSecretaria.class
com\dcc025\Agenda$3.class
com\dcc025\model\Questionario.class
com\dcc025\view\AgendaSecretaria$23.class
com\dcc025\view\AgendaSecretaria.class
com\dcc025\view\AgendaMedico$45.class
com\dcc025\control\EditarMedico.class
com\dcc025\view\AgendaSecretaria$20.class
com\dcc025\view\AgendaMedico$25.class
com\dcc025\view\AgendaMedico$18.class
com\dcc025\view\AgendaSecretaria$40.class
com\dcc025\Agenda.class
com\dcc025\view\AgendaMedico$41.class
com\dcc025\view\AgendaSecretaria$37.class
com\dcc025\view\AgendaMedico$11.class
com\dcc025\view\AgendaMedico$48.class
com\dcc025\view\AgendaSecretaria$47.class
com\dcc025\view\TelaCadastroPaciente$3.class
com\dcc025\view\AgendaMedico$34.class
com\dcc025\view\AgendaSecretaria$14.class
com\dcc025\view\AgendaSecretaria$24.class
com\dcc025\model\User.class
com\dcc025\view\AgendaMedico$24.class
com\dcc025\view\AgendaMedico$6.class
com\dcc025\control\SalvarPaciente.class
com\dcc025\view\AgendaSecretaria$6.class
com\dcc025\view\AgendaSecretaria$54.class
com\dcc025\control\SalvarSecretaria.class
com\dcc025\view\FichaPaciente.class
com\dcc025\control\LoginSecretaria$1.class
com\dcc025\control\SalvarMedico.class
com\dcc025\view\AgendaMedico$12.class
com\dcc025\view\AgendaSecretaria$36.class
com\dcc025\view\AgendaSecretaria$41.class
com\dcc025\control\EntrarMedico.class
com\dcc025\view\AgendaSecretaria$13.class
com\dcc025\view\AgendaMedico$47.class
com\dcc025\view\AgendaSecretaria$53.class
com\dcc025\view\AgendaSecretaria$25.class
com\dcc025\view\AgendaSecretaria$48.class
com\dcc025\view\TelaEditaPaciente$5.class
com\dcc025\view\AgendaMedico$7.class
com\dcc025\view\AgendaMedico$35.class
com\dcc025\view\AgendaMedico$40.class
com\dcc025\view\AgendaSecretaria$30.class
com\dcc025\view\AgendaSecretaria$7.class
