C:\Users\dudar\Documents\DCC025\Trabalho DCC025\SistemaConsultasMedicas\SistemaConsultas\src\main\java\com\dcc025\control\EditarPaciente.java
C:\Users\dudar\Documents\DCC025\Trabalho DCC025\SistemaConsultasMedicas\SistemaConsultas\src\main\java\com\dcc025\model\Medico.java
C:\Users\dudar\Documents\DCC025\Trabalho DCC025\SistemaConsultasMedicas\SistemaConsultas\src\main\java\com\dcc025\model\Questionario.java
C:\Users\dudar\Documents\DCC025\Trabalho DCC025\SistemaConsultasMedicas\SistemaConsultas\src\main\java\com\dcc025\view\TelaEditaSecretaria.java
C:\Users\dudar\Documents\DCC025\Trabalho DCC025\SistemaConsultasMedicas\SistemaConsultas\src\main\java\com\dcc025\model\User.java
C:\Users\dudar\Documents\DCC025\Trabalho DCC025\SistemaConsultasMedicas\SistemaConsultas\src\main\java\com\dcc025\model\JSON.java
C:\Users\dudar\Documents\DCC025\Trabalho DCC025\SistemaConsultasMedicas\SistemaConsultas\src\main\java\com\dcc025\view\AgendaSecretaria.java
C:\Users\dudar\Documents\DCC025\Trabalho DCC025\SistemaConsultasMedicas\SistemaConsultas\src\main\java\com\dcc025\model\Controller.java
C:\Users\dudar\Documents\DCC025\Trabalho DCC025\SistemaConsultasMedicas\SistemaConsultas\src\main\java\com\dcc025\view\TelaCadastroSecretaria.java
C:\Users\dudar\Documents\DCC025\Trabalho DCC025\SistemaConsultasMedicas\SistemaConsultas\src\main\java\com\dcc025\control\SalvarMedico.java
C:\Users\dudar\Documents\DCC025\Trabalho DCC025\SistemaConsultasMedicas\SistemaConsultas\src\main\java\com\dcc025\view\TelaCadastroPaciente.java
C:\Users\dudar\Documents\DCC025\Trabalho DCC025\SistemaConsultasMedicas\SistemaConsultas\src\main\java\com\dcc025\control\Arquivo.java
C:\Users\dudar\Documents\DCC025\Trabalho DCC025\SistemaConsultasMedicas\SistemaConsultas\src\main\java\com\dcc025\control\LoginMedico.java
C:\Users\dudar\Documents\DCC025\Trabalho DCC025\SistemaConsultasMedicas\SistemaConsultas\src\main\java\com\dcc025\Agenda.java
C:\Users\dudar\Documents\DCC025\Trabalho DCC025\SistemaConsultasMedicas\SistemaConsultas\src\main\java\com\dcc025\view\TelaCadastroMedico.java
C:\Users\dudar\Documents\DCC025\Trabalho DCC025\SistemaConsultasMedicas\SistemaConsultas\src\main\java\com\dcc025\view\TelaEditaPaciente.java
C:\Users\dudar\Documents\DCC025\Trabalho DCC025\SistemaConsultasMedicas\SistemaConsultas\src\main\java\com\dcc025\control\EntrarMedico.java
C:\Users\dudar\Documents\DCC025\Trabalho DCC025\SistemaConsultasMedicas\SistemaConsultas\src\main\java\com\dcc025\model\Endereco.java
C:\Users\dudar\Documents\DCC025\Trabalho DCC025\SistemaConsultasMedicas\SistemaConsultas\src\main\java\com\dcc025\view\AgendaMedico.java
C:\Users\dudar\Documents\DCC025\Trabalho DCC025\SistemaConsultasMedicas\SistemaConsultas\src\main\java\com\dcc025\control\SalvarSecretaria.java
C:\Users\dudar\Documents\DCC025\Trabalho DCC025\SistemaConsultasMedicas\SistemaConsultas\src\main\java\com\dcc025\model\Usuario.java
C:\Users\dudar\Documents\DCC025\Trabalho DCC025\SistemaConsultasMedicas\SistemaConsultas\src\main\java\com\dcc025\view\Tela.java
C:\Users\dudar\Documents\DCC025\Trabalho DCC025\SistemaConsultasMedicas\SistemaConsultas\src\main\java\com\dcc025\control\EditarSecretaria.java
C:\Users\dudar\Documents\DCC025\Trabalho DCC025\SistemaConsultasMedicas\SistemaConsultas\src\main\java\com\dcc025\control\EditarMedico.java
C:\Users\dudar\Documents\DCC025\Trabalho DCC025\SistemaConsultasMedicas\SistemaConsultas\src\main\java\com\dcc025\view\TelaEditaMedico.java
C:\Users\dudar\Documents\DCC025\Trabalho DCC025\SistemaConsultasMedicas\SistemaConsultas\src\main\java\com\dcc025\control\EntrarSecretaria.java
C:\Users\dudar\Documents\DCC025\Trabalho DCC025\SistemaConsultasMedicas\SistemaConsultas\src\main\java\com\dcc025\control\LoginSecretaria.java
C:\Users\dudar\Documents\DCC025\Trabalho DCC025\SistemaConsultasMedicas\SistemaConsultas\src\main\java\com\dcc025\control\SalvarPaciente.java
C:\Users\dudar\Documents\DCC025\Trabalho DCC025\SistemaConsultasMedicas\SistemaConsultas\src\main\java\com\dcc025\model\Paciente.java
